Archive Project report for project4Top
Tue Apr 26 22:47:46 2022
Quartus Prime Version 18.1.0 Build 625 09/12/2018 SJ Lite Edition


---------------------
; Table of Contents ;
---------------------
  1. Legal Notice
  2. Archive Project Summary
  3. Archive Project Messages
  4. Files Archived



----------------
; Legal Notice ;
----------------
Copyright (C) 2018  Intel Corporation. All rights reserved.
Your use of Intel Corporation's design tools, logic functions 
and other software and tools, and its AMPP partner logic 
functions, and any output files from any of the foregoing 
(including device programming or simulation files), and any 
associated documentation or information are expressly subject 
to the terms and conditions of the Intel Program License 
Subscription Agreement, the Intel Quartus Prime License Agreement,
the Intel FPGA IP License Agreement, or other applicable license
agreement, including, without limitation, that your use is for
the sole purpose of programming logic devices manufactured by
Intel and sold by Intel or its authorized distributors.  Please
refer to the applicable agreement for further details.



+----------------------------------------------------------------+
; Archive Project Summary                                        ;
+------------------------+---------------------------------------+
; Archive Project Status ; Successful - Tue Apr 26 22:47:46 2022 ;
; Revision Name          ; project4Top                           ;
; Top-level Entity Name  ; project4Top                           ;
; Family                 ; Cyclone V                             ;
+------------------------+---------------------------------------+


+--------------------------+
; Archive Project Messages ;
+--------------------------+
Info: File Set 'Source control' contains:
    Info: Project source and settings files
    Info: Automatically detected source files
Warning: Hierarchical Platform Designer systems and custom IP components(_hw.tcl and associated files) are not archived by the Quartus Archiver
Info: Archive will store files relative to the closest common parent directory
Info (13213): Using common directory C:/Users/sefun/Dev/Digital-Design-Projects/ECE 3544 Project 4/project4_restored/
Info: ----------------------------------------------------------
Info: ----------------------------------------------------------
Info: Generated archive 'C:/Users/sefun/Dev/Digital-Design-Projects/ECE 3544 Project 4/project4_restored/project4_sefunmi.qar'
Info: ----------------------------------------------------------
Info: ----------------------------------------------------------
Info: Generated report 'project4Top.archive.rpt'
Info (23030): Evaluation of Tcl script c:/intelfpga_lite/18.1/quartus/common/tcl/apps/qpm/qar.tcl was successful
Info: Quartus Prime Shell was successful. 0 errors, 16 warnings
    Info: Peak virtual memory: 4881 megabytes
    Info: Processing ended: Tue Apr 26 22:47:46 2022
    Info: Elapsed time: 00:00:41
    Info: Total CPU time (on all processors): 00:01:14


+-------------------------------------+
; Files Archived                      ;
+-------------------------------------+
; File Name                           ;
+-------------------------------------+
; assignment_defaults.qdf             ;
; buttonpressed.v                     ;
; counter_clk_sefunmi.v               ;
; decoder4to10_sefunmi.v              ;
; fsm_sefunmi.v                       ;
; hex_display.v                       ;
; project4.qpf                        ;
; project4Top.qsf                     ;
; project4Top.sdc                     ;
; project4Top.v                       ;
; project4Top_assignment_defaults.qdf ;
+-------------------------------------+


